// Jest Snapshot v1, https://goo.gl/fbAQLP

exports[`Create an animal service When someone wants to create an animal Then it should return correct information 1`] = `""`;
